Analysis & Synthesis report for BitTimingCAN
Sat Jun 03 08:42:30 2017
Quartus Prime Version 16.1.2 Build 203 01/18/2017 SJ Lite Edition


---------------------
; Table of Contents ;
---------------------
  1. Legal Notice
  2. Analysis & Synthesis Summary
  3. Analysis & Synthesis Settings
  4. Parallel Compilation
  5. Analysis & Synthesis Source Files Read
  6. Analysis & Synthesis Resource Usage Summary
  7. Analysis & Synthesis Resource Utilization by Entity
  8. Registers Removed During Synthesis
  9. Removed Registers Triggering Further Register Optimizations
 10. General Register Statistics
 11. Parameter Settings for User Entity Instance: Top-level Entity: |can_decoder
 12. Parameter Settings for User Entity Instance: can_crc:i_can_crc
 13. Port Connectivity Checks: "can_crc:i_can_crc"
 14. Post-Synthesis Netlist Statistics for Top Partition
 15. Elapsed Time Per Partition
 16. Analysis & Synthesis Messages



----------------
; Legal Notice ;
----------------
Copyright (C) 2017  Intel Corporation. All rights reserved.
Your use of Intel Corporation's design tools, logic functions 
and other software and tools, and its AMPP partner logic 
functions, and any output files from any of the foregoing 
(including device programming or simulation files), and any 
associated documentation or information are expressly subject 
to the terms and conditions of the Intel Program License 
Subscription Agreement, the Intel Quartus Prime License Agreement,
the Intel MegaCore Function License Agreement, or other 
applicable license agreement, including, without limitation, 
that your use is for the sole purpose of programming logic 
devices manufactured by Intel and sold by Intel or its 
authorized distributors.  Please refer to the applicable 
agreement for further details.



+----------------------------------------------------------------------------------+
; Analysis & Synthesis Summary                                                     ;
+------------------------------------+---------------------------------------------+
; Analysis & Synthesis Status        ; Successful - Sat Jun 03 08:42:30 2017       ;
; Quartus Prime Version              ; 16.1.2 Build 203 01/18/2017 SJ Lite Edition ;
; Revision Name                      ; BitTimingCAN                                ;
; Top-level Entity Name              ; can_decoder                                 ;
; Family                             ; Cyclone IV GX                               ;
; Total logic elements               ; 0                                           ;
;     Total combinational functions  ; 0                                           ;
;     Dedicated logic registers      ; 0                                           ;
; Total registers                    ; 0                                           ;
; Total pins                         ; 126                                         ;
; Total virtual pins                 ; 0                                           ;
; Total memory bits                  ; 0                                           ;
; Embedded Multiplier 9-bit elements ; 0                                           ;
; Total GXB Receiver Channel PCS     ; 0                                           ;
; Total GXB Receiver Channel PMA     ; 0                                           ;
; Total GXB Transmitter Channel PCS  ; 0                                           ;
; Total GXB Transmitter Channel PMA  ; 0                                           ;
; Total PLLs                         ; 0                                           ;
+------------------------------------+---------------------------------------------+


+----------------------------------------------------------------------------------------------------------------------+
; Analysis & Synthesis Settings                                                                                        ;
+----------------------------------------------------------------------------+--------------------+--------------------+
; Option                                                                     ; Setting            ; Default Value      ;
+----------------------------------------------------------------------------+--------------------+--------------------+
; Device                                                                     ; EP4CGX150DF31C7    ;                    ;
; Top-level entity name                                                      ; can_decoder        ; BitTimingCAN       ;
; Family name                                                                ; Cyclone IV GX      ; Cyclone V          ;
; Maximum processors allowed for parallel compilation                        ; 3                  ;                    ;
; Use smart compilation                                                      ; Off                ; Off                ;
; Enable parallel Assembler and TimeQuest Timing Analyzer during compilation ; On                 ; On                 ;
; Enable compact report table                                                ; Off                ; Off                ;
; Restructure Multiplexers                                                   ; Auto               ; Auto               ;
; Create Debugging Nodes for IP Cores                                        ; Off                ; Off                ;
; Preserve fewer node names                                                  ; On                 ; On                 ;
; OpenCore Plus hardware evaluation                                          ; Enable             ; Enable             ;
; Verilog Version                                                            ; Verilog_2001       ; Verilog_2001       ;
; VHDL Version                                                               ; VHDL_1993          ; VHDL_1993          ;
; State Machine Processing                                                   ; Auto               ; Auto               ;
; Safe State Machine                                                         ; Off                ; Off                ;
; Extract Verilog State Machines                                             ; On                 ; On                 ;
; Extract VHDL State Machines                                                ; On                 ; On                 ;
; Ignore Verilog initial constructs                                          ; Off                ; Off                ;
; Iteration limit for constant Verilog loops                                 ; 5000               ; 5000               ;
; Iteration limit for non-constant Verilog loops                             ; 250                ; 250                ;
; Add Pass-Through Logic to Inferred RAMs                                    ; On                 ; On                 ;
; Infer RAMs from Raw Logic                                                  ; On                 ; On                 ;
; Parallel Synthesis                                                         ; On                 ; On                 ;
; DSP Block Balancing                                                        ; Auto               ; Auto               ;
; NOT Gate Push-Back                                                         ; On                 ; On                 ;
; Power-Up Don't Care                                                        ; On                 ; On                 ;
; Remove Redundant Logic Cells                                               ; Off                ; Off                ;
; Remove Duplicate Registers                                                 ; On                 ; On                 ;
; Ignore CARRY Buffers                                                       ; Off                ; Off                ;
; Ignore CASCADE Buffers                                                     ; Off                ; Off                ;
; Ignore GLOBAL Buffers                                                      ; Off                ; Off                ;
; Ignore ROW GLOBAL Buffers                                                  ; Off                ; Off                ;
; Ignore LCELL Buffers                                                       ; Off                ; Off                ;
; Ignore SOFT Buffers                                                        ; On                 ; On                 ;
; Limit AHDL Integers to 32 Bits                                             ; Off                ; Off                ;
; Optimization Technique                                                     ; Balanced           ; Balanced           ;
; Carry Chain Length                                                         ; 70                 ; 70                 ;
; Auto Carry Chains                                                          ; On                 ; On                 ;
; Auto Open-Drain Pins                                                       ; On                 ; On                 ;
; Perform WYSIWYG Primitive Resynthesis                                      ; Off                ; Off                ;
; Auto ROM Replacement                                                       ; On                 ; On                 ;
; Auto RAM Replacement                                                       ; On                 ; On                 ;
; Auto DSP Block Replacement                                                 ; On                 ; On                 ;
; Auto Shift Register Replacement                                            ; Auto               ; Auto               ;
; Allow Shift Register Merging across Hierarchies                            ; Auto               ; Auto               ;
; Auto Clock Enable Replacement                                              ; On                 ; On                 ;
; Strict RAM Replacement                                                     ; Off                ; Off                ;
; Allow Synchronous Control Signals                                          ; On                 ; On                 ;
; Force Use of Synchronous Clear Signals                                     ; Off                ; Off                ;
; Auto RAM Block Balancing                                                   ; On                 ; On                 ;
; Auto RAM to Logic Cell Conversion                                          ; Off                ; Off                ;
; Auto Resource Sharing                                                      ; Off                ; Off                ;
; Allow Any RAM Size For Recognition                                         ; Off                ; Off                ;
; Allow Any ROM Size For Recognition                                         ; Off                ; Off                ;
; Allow Any Shift Register Size For Recognition                              ; Off                ; Off                ;
; Use LogicLock Constraints during Resource Balancing                        ; On                 ; On                 ;
; Ignore translate_off and synthesis_off directives                          ; Off                ; Off                ;
; Timing-Driven Synthesis                                                    ; On                 ; On                 ;
; Report Parameter Settings                                                  ; On                 ; On                 ;
; Report Source Assignments                                                  ; On                 ; On                 ;
; Report Connectivity Checks                                                 ; On                 ; On                 ;
; Ignore Maximum Fan-Out Assignments                                         ; Off                ; Off                ;
; Synchronization Register Chain Length                                      ; 2                  ; 2                  ;
; PowerPlay Power Optimization During Synthesis                              ; Normal compilation ; Normal compilation ;
; HDL message level                                                          ; Level2             ; Level2             ;
; Suppress Register Optimization Related Messages                            ; Off                ; Off                ;
; Number of Removed Registers Reported in Synthesis Report                   ; 5000               ; 5000               ;
; Number of Swept Nodes Reported in Synthesis Report                         ; 5000               ; 5000               ;
; Number of Inverted Registers Reported in Synthesis Report                  ; 100                ; 100                ;
; Clock MUX Protection                                                       ; On                 ; On                 ;
; Auto Gated Clock Conversion                                                ; Off                ; Off                ;
; Block Design Naming                                                        ; Auto               ; Auto               ;
; SDC constraint protection                                                  ; Off                ; Off                ;
; Synthesis Effort                                                           ; Auto               ; Auto               ;
; Shift Register Replacement - Allow Asynchronous Clear Signal               ; On                 ; On                 ;
; Pre-Mapping Resynthesis Optimization                                       ; Off                ; Off                ;
; Analysis & Synthesis Message Level                                         ; Medium             ; Medium             ;
; Disable Register Merging Across Hierarchies                                ; Auto               ; Auto               ;
; Resource Aware Inference For Block RAM                                     ; On                 ; On                 ;
+----------------------------------------------------------------------------+--------------------+--------------------+


+------------------------------------------+
; Parallel Compilation                     ;
+----------------------------+-------------+
; Processors                 ; Number      ;
+----------------------------+-------------+
; Number detected on machine ; 4           ;
; Maximum allowed            ; 3           ;
;                            ;             ;
; Average used               ; 1.00        ;
; Maximum used               ; 1           ;
;                            ;             ;
; Usage by Processor         ; % Time Used ;
;     Processor 1            ; 100.0%      ;
+----------------------------+-------------+


+----------------------------------------------------------------------------------------------------------------------------------------------------------------------------------------------------------------------------------------------------------------+
; Analysis & Synthesis Source Files Read                                                                                                                                                                                                                         ;
+----------------------------------+-----------------+------------------------------+------------------------------------------------------------------------------------------------------------------------------------------------------------------+---------+
; File Name with User-Entered Path ; Used in Netlist ; File Type                    ; File Name with Absolute Path                                                                                                                                     ; Library ;
+----------------------------------+-----------------+------------------------------+------------------------------------------------------------------------------------------------------------------------------------------------------------------+---------+
; can_decoder.v                    ; yes             ; User Verilog HDL File        ; D:/Repositorio_de_Projetos/6-DOUTORADO/Automotive Networking/CAN Controller - Projeto Automotive Networking/can-controller/Projeto exemplo/Projeto/can_decoder.v ;         ;
; can_crc.v                        ; yes             ; Auto-Found Verilog HDL File  ; D:/Repositorio_de_Projetos/6-DOUTORADO/Automotive Networking/CAN Controller - Projeto Automotive Networking/can-controller/Projeto exemplo/Projeto/can_crc.v     ;         ;
+----------------------------------+-----------------+------------------------------+------------------------------------------------------------------------------------------------------------------------------------------------------------------+---------+


+---------------------------------------------+
; Analysis & Synthesis Resource Usage Summary ;
+--------------------------+------------------+
; Resource                 ; Usage            ;
+--------------------------+------------------+
; I/O pins                 ; 126              ;
;                          ;                  ;
; DSP block 9-bit elements ; 0                ;
;                          ;                  ;
; Maximum fan-out node     ; rx_bit~input     ;
; Maximum fan-out          ; 18               ;
; Total fan-out            ; 144              ;
; Average fan-out          ; 0.57             ;
+--------------------------+------------------+


+----------------------------------------------------------------------------------------------------------------------------------------------------------------------------------------------------------------------+
; Analysis & Synthesis Resource Utilization by Entity                                                                                                                                                                  ;
+----------------------------+---------------------+---------------------------+-------------+--------------+---------+-----------+-----------+------+--------------+---------------------+-------------+--------------+
; Compilation Hierarchy Node ; Combinational ALUTs ; Dedicated Logic Registers ; Memory Bits ; DSP Elements ; DSP 9x9 ; DSP 18x18 ; DSP 36x36 ; Pins ; Virtual Pins ; Full Hierarchy Name ; Entity Name ; Library Name ;
+----------------------------+---------------------+---------------------------+-------------+--------------+---------+-----------+-----------+------+--------------+---------------------+-------------+--------------+
; |can_decoder               ; 0 (0)               ; 0 (0)                     ; 0           ; 0            ; 0       ; 0         ; 0         ; 126  ; 0            ; |can_decoder        ; can_decoder ; work         ;
+----------------------------+---------------------+---------------------------+-------------+--------------+---------+-----------+-----------+------+--------------+---------------------+-------------+--------------+
Note: For table entries with two numbers listed, the numbers in parentheses indicate the number of resources of the given type used by the specific entity alone. The numbers listed outside of parentheses indicate the total resources of the given type used by the specific entity and all of its sub-entities in the hierarchy.


+---------------------------------------------------------------------------------------+
; Registers Removed During Synthesis                                                    ;
+-----------------------------------------+---------------------------------------------+
; Register name                           ; Reason for Removal                          ;
+-----------------------------------------+---------------------------------------------+
; state_idle                              ; Stuck at GND due to stuck port data_in      ;
; state_ide                               ; Stuck at GND due to stuck port data_in      ;
; state_crc_delimiter                     ; Stuck at GND due to stuck port data_in      ;
; state_interframe                        ; Stuck at GND due to stuck port data_in      ;
; field_ide~reg0                          ; Stuck at GND due to stuck port clock_enable ;
; can_crc:i_can_crc|crc[0..14]            ; Lost fanout                                 ;
; state_id_a                              ; Stuck at GND due to stuck port data_in      ;
; state_id_b                              ; Stuck at GND due to stuck port data_in      ;
; state_ack_slot                          ; Stuck at GND due to stuck port data_in      ;
; field_id_a[10]~reg0                     ; Stuck at GND due to stuck port clock_enable ;
; field_id_a[9]~reg0                      ; Stuck at GND due to stuck port clock_enable ;
; field_id_a[8]~reg0                      ; Stuck at GND due to stuck port clock_enable ;
; field_id_a[7]~reg0                      ; Stuck at GND due to stuck port clock_enable ;
; field_id_a[6]~reg0                      ; Stuck at GND due to stuck port clock_enable ;
; field_id_a[5]~reg0                      ; Stuck at GND due to stuck port clock_enable ;
; field_id_a[4]~reg0                      ; Stuck at GND due to stuck port clock_enable ;
; field_id_a[3]~reg0                      ; Stuck at GND due to stuck port clock_enable ;
; field_id_a[2]~reg0                      ; Stuck at GND due to stuck port clock_enable ;
; field_id_a[1]~reg0                      ; Stuck at GND due to stuck port clock_enable ;
; field_id_a[0]~reg0                      ; Stuck at GND due to stuck port clock_enable ;
; field_ack~reg0                          ; Stuck at GND due to stuck port clock_enable ;
; field_srr~reg0                          ; Stuck at GND due to stuck port clock_enable ;
; state_rtr                               ; Stuck at GND due to stuck port data_in      ;
; state_ack_delimiter                     ; Stuck at GND due to stuck port data_in      ;
; rtr_srr_temp                            ; Stuck at GND due to stuck port data_in      ;
; field_rtr~reg0                          ; Stuck at GND due to stuck port data_in      ;
; state_reserved1                         ; Stuck at GND due to stuck port data_in      ;
; state_eof                               ; Stuck at GND due to stuck port data_in      ;
; field_reserved1~reg0                    ; Stuck at GND due to stuck port clock_enable ;
; state_reserved0                         ; Stuck at GND due to stuck port data_in      ;
; field_reserved0~reg0                    ; Stuck at GND due to stuck port clock_enable ;
; state_dlc                               ; Stuck at GND due to stuck port data_in      ;
; field_dlc[3]~reg0                       ; Stuck at GND due to stuck port clock_enable ;
; field_dlc[2]~reg0                       ; Stuck at GND due to stuck port clock_enable ;
; field_dlc[1]~reg0                       ; Stuck at GND due to stuck port clock_enable ;
; field_dlc[0]~reg0                       ; Stuck at GND due to stuck port clock_enable ;
; state_data                              ; Stuck at GND due to stuck port data_in      ;
; field_data[63]~reg0                     ; Stuck at GND due to stuck port clock_enable ;
; field_data[62]~reg0                     ; Stuck at GND due to stuck port clock_enable ;
; field_data[61]~reg0                     ; Stuck at GND due to stuck port clock_enable ;
; field_data[60]~reg0                     ; Stuck at GND due to stuck port clock_enable ;
; field_data[59]~reg0                     ; Stuck at GND due to stuck port clock_enable ;
; field_data[58]~reg0                     ; Stuck at GND due to stuck port clock_enable ;
; field_data[57]~reg0                     ; Stuck at GND due to stuck port clock_enable ;
; field_data[56]~reg0                     ; Stuck at GND due to stuck port clock_enable ;
; field_data[55]~reg0                     ; Stuck at GND due to stuck port clock_enable ;
; field_data[54]~reg0                     ; Stuck at GND due to stuck port clock_enable ;
; field_data[53]~reg0                     ; Stuck at GND due to stuck port clock_enable ;
; field_data[52]~reg0                     ; Stuck at GND due to stuck port clock_enable ;
; field_data[51]~reg0                     ; Stuck at GND due to stuck port clock_enable ;
; field_data[50]~reg0                     ; Stuck at GND due to stuck port clock_enable ;
; field_data[49]~reg0                     ; Stuck at GND due to stuck port clock_enable ;
; field_data[48]~reg0                     ; Stuck at GND due to stuck port clock_enable ;
; field_data[47]~reg0                     ; Stuck at GND due to stuck port clock_enable ;
; field_data[46]~reg0                     ; Stuck at GND due to stuck port clock_enable ;
; field_data[45]~reg0                     ; Stuck at GND due to stuck port clock_enable ;
; field_data[44]~reg0                     ; Stuck at GND due to stuck port clock_enable ;
; field_data[43]~reg0                     ; Stuck at GND due to stuck port clock_enable ;
; field_data[42]~reg0                     ; Stuck at GND due to stuck port clock_enable ;
; field_data[41]~reg0                     ; Stuck at GND due to stuck port clock_enable ;
; field_data[40]~reg0                     ; Stuck at GND due to stuck port clock_enable ;
; field_data[39]~reg0                     ; Stuck at GND due to stuck port clock_enable ;
; field_data[38]~reg0                     ; Stuck at GND due to stuck port clock_enable ;
; field_data[37]~reg0                     ; Stuck at GND due to stuck port clock_enable ;
; field_data[36]~reg0                     ; Stuck at GND due to stuck port clock_enable ;
; field_data[35]~reg0                     ; Stuck at GND due to stuck port clock_enable ;
; field_data[34]~reg0                     ; Stuck at GND due to stuck port clock_enable ;
; field_data[33]~reg0                     ; Stuck at GND due to stuck port clock_enable ;
; field_data[32]~reg0                     ; Stuck at GND due to stuck port clock_enable ;
; field_data[31]~reg0                     ; Stuck at GND due to stuck port clock_enable ;
; field_data[30]~reg0                     ; Stuck at GND due to stuck port clock_enable ;
; field_data[29]~reg0                     ; Stuck at GND due to stuck port clock_enable ;
; field_data[28]~reg0                     ; Stuck at GND due to stuck port clock_enable ;
; field_data[27]~reg0                     ; Stuck at GND due to stuck port clock_enable ;
; field_data[26]~reg0                     ; Stuck at GND due to stuck port clock_enable ;
; field_data[25]~reg0                     ; Stuck at GND due to stuck port clock_enable ;
; field_data[24]~reg0                     ; Stuck at GND due to stuck port clock_enable ;
; field_data[23]~reg0                     ; Stuck at GND due to stuck port clock_enable ;
; field_data[22]~reg0                     ; Stuck at GND due to stuck port clock_enable ;
; field_data[21]~reg0                     ; Stuck at GND due to stuck port clock_enable ;
; field_data[20]~reg0                     ; Stuck at GND due to stuck port clock_enable ;
; field_data[19]~reg0                     ; Stuck at GND due to stuck port clock_enable ;
; field_data[18]~reg0                     ; Stuck at GND due to stuck port clock_enable ;
; field_data[17]~reg0                     ; Stuck at GND due to stuck port clock_enable ;
; field_data[16]~reg0                     ; Stuck at GND due to stuck port clock_enable ;
; field_data[15]~reg0                     ; Stuck at GND due to stuck port clock_enable ;
; field_data[14]~reg0                     ; Stuck at GND due to stuck port clock_enable ;
; field_data[13]~reg0                     ; Stuck at GND due to stuck port clock_enable ;
; field_data[12]~reg0                     ; Stuck at GND due to stuck port clock_enable ;
; field_data[11]~reg0                     ; Stuck at GND due to stuck port clock_enable ;
; field_data[10]~reg0                     ; Stuck at GND due to stuck port clock_enable ;
; field_data[9]~reg0                      ; Stuck at GND due to stuck port clock_enable ;
; field_data[8]~reg0                      ; Stuck at GND due to stuck port clock_enable ;
; field_data[7]~reg0                      ; Stuck at GND due to stuck port clock_enable ;
; field_data[6]~reg0                      ; Stuck at GND due to stuck port clock_enable ;
; field_data[5]~reg0                      ; Stuck at GND due to stuck port clock_enable ;
; field_data[4]~reg0                      ; Stuck at GND due to stuck port clock_enable ;
; field_data[3]~reg0                      ; Stuck at GND due to stuck port clock_enable ;
; field_data[2]~reg0                      ; Stuck at GND due to stuck port clock_enable ;
; field_data[1]~reg0                      ; Stuck at GND due to stuck port clock_enable ;
; field_data[0]~reg0                      ; Stuck at GND due to stuck port clock_enable ;
; state_crc                               ; Stuck at GND due to stuck port data_in      ;
; field_crc[14]~reg0                      ; Stuck at GND due to stuck port clock_enable ;
; field_crc[13]~reg0                      ; Stuck at GND due to stuck port clock_enable ;
; field_crc[12]~reg0                      ; Stuck at GND due to stuck port clock_enable ;
; field_crc[11]~reg0                      ; Stuck at GND due to stuck port clock_enable ;
; field_crc[10]~reg0                      ; Stuck at GND due to stuck port clock_enable ;
; field_crc[9]~reg0                       ; Stuck at GND due to stuck port clock_enable ;
; field_crc[8]~reg0                       ; Stuck at GND due to stuck port clock_enable ;
; field_crc[7]~reg0                       ; Stuck at GND due to stuck port clock_enable ;
; field_crc[6]~reg0                       ; Stuck at GND due to stuck port clock_enable ;
; field_crc[5]~reg0                       ; Stuck at GND due to stuck port clock_enable ;
; field_crc[4]~reg0                       ; Stuck at GND due to stuck port clock_enable ;
; field_crc[3]~reg0                       ; Stuck at GND due to stuck port clock_enable ;
; field_crc[2]~reg0                       ; Stuck at GND due to stuck port clock_enable ;
; field_crc[1]~reg0                       ; Stuck at GND due to stuck port clock_enable ;
; field_crc[0]~reg0                       ; Stuck at GND due to stuck port clock_enable ;
; Total Number of Removed Registers = 131 ;                                             ;
+-----------------------------------------+---------------------------------------------+


+---------------------------------------------------------------------------------------------------------------------------------------+
; Removed Registers Triggering Further Register Optimizations                                                                           ;
+---------------------+---------------------------+-------------------------------------------------------------------------------------+
; Register name       ; Reason for Removal        ; Registers Removed due to This Register                                              ;
+---------------------+---------------------------+-------------------------------------------------------------------------------------+
; state_ack_delimiter ; Stuck at GND              ; state_eof, state_dlc, field_dlc[3]~reg0, field_dlc[2]~reg0, field_dlc[1]~reg0,      ;
;                     ; due to stuck port data_in ; field_dlc[0]~reg0, state_data, field_data[63]~reg0, field_data[62]~reg0,            ;
;                     ;                           ; field_data[61]~reg0, field_data[60]~reg0, field_data[59]~reg0, field_data[58]~reg0, ;
;                     ;                           ; field_data[57]~reg0, field_data[56]~reg0, field_data[55]~reg0, field_data[54]~reg0, ;
;                     ;                           ; field_data[53]~reg0, field_data[52]~reg0, field_data[51]~reg0, field_data[50]~reg0, ;
;                     ;                           ; field_data[49]~reg0, field_data[48]~reg0, field_data[47]~reg0, field_data[46]~reg0, ;
;                     ;                           ; field_data[45]~reg0, field_data[44]~reg0, field_data[43]~reg0, field_data[42]~reg0, ;
;                     ;                           ; field_data[41]~reg0, field_data[40]~reg0, field_data[39]~reg0, field_data[38]~reg0, ;
;                     ;                           ; field_data[37]~reg0, field_data[36]~reg0, field_data[35]~reg0, field_data[34]~reg0, ;
;                     ;                           ; field_data[33]~reg0, field_data[32]~reg0, field_data[31]~reg0, field_data[30]~reg0, ;
;                     ;                           ; field_data[29]~reg0, field_data[28]~reg0, field_data[27]~reg0, field_data[26]~reg0, ;
;                     ;                           ; field_data[25]~reg0, field_data[24]~reg0, field_data[23]~reg0, field_data[22]~reg0, ;
;                     ;                           ; field_data[21]~reg0, field_data[20]~reg0, field_data[19]~reg0, field_data[18]~reg0, ;
;                     ;                           ; field_data[17]~reg0, field_data[16]~reg0, field_data[15]~reg0, field_data[14]~reg0, ;
;                     ;                           ; field_data[13]~reg0, field_data[12]~reg0, field_data[11]~reg0, field_data[10]~reg0, ;
;                     ;                           ; field_data[9]~reg0, field_data[8]~reg0, field_data[7]~reg0, field_data[6]~reg0,     ;
;                     ;                           ; field_data[5]~reg0, field_data[4]~reg0, field_data[3]~reg0, field_data[2]~reg0,     ;
;                     ;                           ; field_data[1]~reg0, field_data[0]~reg0, state_crc, field_crc[14]~reg0,              ;
;                     ;                           ; field_crc[13]~reg0, field_crc[12]~reg0, field_crc[11]~reg0, field_crc[10]~reg0,     ;
;                     ;                           ; field_crc[9]~reg0, field_crc[8]~reg0, field_crc[7]~reg0, field_crc[6]~reg0,         ;
;                     ;                           ; field_crc[5]~reg0, field_crc[4]~reg0, field_crc[3]~reg0, field_crc[2]~reg0,         ;
;                     ;                           ; field_crc[1]~reg0, field_crc[0]~reg0                                                ;
; state_ide           ; Stuck at GND              ; field_ide~reg0, can_crc:i_can_crc|crc[0], can_crc:i_can_crc|crc[1],                 ;
;                     ; due to stuck port data_in ; can_crc:i_can_crc|crc[2], can_crc:i_can_crc|crc[3], can_crc:i_can_crc|crc[4],       ;
;                     ;                           ; can_crc:i_can_crc|crc[5], can_crc:i_can_crc|crc[6], can_crc:i_can_crc|crc[7],       ;
;                     ;                           ; can_crc:i_can_crc|crc[8], can_crc:i_can_crc|crc[9], can_crc:i_can_crc|crc[10],      ;
;                     ;                           ; can_crc:i_can_crc|crc[11], can_crc:i_can_crc|crc[12], can_crc:i_can_crc|crc[13],    ;
;                     ;                           ; field_rtr~reg0                                                                      ;
; state_rtr           ; Stuck at GND              ; state_reserved1, field_reserved1~reg0, state_reserved0, field_reserved0~reg0        ;
;                     ; due to stuck port data_in ;                                                                                     ;
; state_ack_slot      ; Stuck at GND              ; field_ack~reg0                                                                      ;
;                     ; due to stuck port data_in ;                                                                                     ;
+---------------------+---------------------------+-------------------------------------------------------------------------------------+


+------------------------------------------------------+
; General Register Statistics                          ;
+----------------------------------------------+-------+
; Statistic                                    ; Value ;
+----------------------------------------------+-------+
; Total registers                              ; 0     ;
; Number of registers using Synchronous Clear  ; 0     ;
; Number of registers using Synchronous Load   ; 0     ;
; Number of registers using Asynchronous Clear ; 0     ;
; Number of registers using Asynchronous Load  ; 0     ;
; Number of registers using Clock Enable       ; 0     ;
; Number of registers using Preset             ; 0     ;
+----------------------------------------------+-------+


+-----------------------------------------------------------------------------+
; Parameter Settings for User Entity Instance: Top-level Entity: |can_decoder ;
+----------------+-------+----------------------------------------------------+
; Parameter Name ; Value ; Type                                               ;
+----------------+-------+----------------------------------------------------+
; len_id_a       ; 1011  ; Unsigned Binary                                    ;
; len_id_b       ; 10010 ; Unsigned Binary                                    ;
; len_dlc        ; 100   ; Unsigned Binary                                    ;
; len_crc        ; 1111  ; Unsigned Binary                                    ;
; len_eof        ; 111   ; Unsigned Binary                                    ;
; len_interframe ; 10    ; Unsigned Binary                                    ;
+----------------+-------+----------------------------------------------------+
Note: In order to hide this table in the UI and the text report file, please set the "Show Parameter Settings in Synthesis Report" option in "Analysis and Synthesis Settings -> More Settings" to "Off".


+----------------------------------------------------------------+
; Parameter Settings for User Entity Instance: can_crc:i_can_crc ;
+----------------+-------+---------------------------------------+
; Parameter Name ; Value ; Type                                  ;
+----------------+-------+---------------------------------------+
; Tp             ; 1     ; Signed Integer                        ;
+----------------+-------+---------------------------------------+
Note: In order to hide this table in the UI and the text report file, please set the "Show Parameter Settings in Synthesis Report" option in "Analysis and Synthesis Settings -> More Settings" to "Off".


+-----------------------------------------------+
; Port Connectivity Checks: "can_crc:i_can_crc" ;
+-------+-------+----------+--------------------+
; Port  ; Type  ; Severity ; Details            ;
+-------+-------+----------+--------------------+
; reset ; Input ; Info     ; Stuck at GND       ;
+-------+-------+----------+--------------------+


+-----------------------------------------------------+
; Post-Synthesis Netlist Statistics for Top Partition ;
+-----------------------+-----------------------------+
; Type                  ; Count                       ;
+-----------------------+-----------------------------+
; boundary_port         ; 126                         ;
; cycloneiii_lcell_comb ; 1                           ;
;     normal            ; 1                           ;
;         0 data inputs ; 1                           ;
;                       ;                             ;
; Max LUT depth         ; 0.00                        ;
; Average LUT depth     ; 0.00                        ;
+-----------------------+-----------------------------+


+-------------------------------+
; Elapsed Time Per Partition    ;
+----------------+--------------+
; Partition Name ; Elapsed Time ;
+----------------+--------------+
; Top            ; 00:00:00     ;
+----------------+--------------+


+-------------------------------+
; Analysis & Synthesis Messages ;
+-------------------------------+
Info: *******************************************************************
Info: Running Quartus Prime Analysis & Synthesis
    Info: Version 16.1.2 Build 203 01/18/2017 SJ Lite Edition
    Info: Processing started: Sat Jun 03 08:42:12 2017
Info: Command: quartus_map --read_settings_files=on --write_settings_files=off BitTimingCAN -c BitTimingCAN
Info (20032): Parallel compilation is enabled and will use up to 3 processors
Warning (20031): Parallel compilation is enabled for 3 processors, but there are only 2 processors in the system. Runtime may increase due to over usage of the processor space.
Info (12021): Found 2 design units, including 2 entities, in source file can_decoder.v
    Info (12023): Found entity 1: can_crc File: D:/Repositorio_de_Projetos/6-DOUTORADO/Automotive Networking/CAN Controller - Projeto Automotive Networking/can-controller/Projeto exemplo/Projeto/can_crc.v Line: 1
    Info (12023): Found entity 2: can_decoder File: D:/Repositorio_de_Projetos/6-DOUTORADO/Automotive Networking/CAN Controller - Projeto Automotive Networking/can-controller/Projeto exemplo/Projeto/can_decoder.v Line: 3
Warning (10236): Verilog HDL Implicit Net warning at can_decoder.v(114): created implicit net for "bit_de_stuff" File: D:/Repositorio_de_Projetos/6-DOUTORADO/Automotive Networking/CAN Controller - Projeto Automotive Networking/can-controller/Projeto exemplo/Projeto/can_decoder.v Line: 114
Warning (10236): Verilog HDL Implicit Net warning at can_decoder.v(115): created implicit net for "crc_initialize" File: D:/Repositorio_de_Projetos/6-DOUTORADO/Automotive Networking/CAN Controller - Projeto Automotive Networking/can-controller/Projeto exemplo/Projeto/can_decoder.v Line: 115
Warning (10236): Verilog HDL Implicit Net warning at can_decoder.v(161): created implicit net for "last_bit_interframe" File: D:/Repositorio_de_Projetos/6-DOUTORADO/Automotive Networking/CAN Controller - Projeto Automotive Networking/can-controller/Projeto exemplo/Projeto/can_decoder.v Line: 161
Warning (10236): Verilog HDL Implicit Net warning at can_decoder.v(163): created implicit net for "go_state_idle" File: D:/Repositorio_de_Projetos/6-DOUTORADO/Automotive Networking/CAN Controller - Projeto Automotive Networking/can-controller/Projeto exemplo/Projeto/can_decoder.v Line: 163
Warning (10236): Verilog HDL Implicit Net warning at can_decoder.v(164): created implicit net for "go_state_id_a" File: D:/Repositorio_de_Projetos/6-DOUTORADO/Automotive Networking/CAN Controller - Projeto Automotive Networking/can-controller/Projeto exemplo/Projeto/can_decoder.v Line: 164
Warning (10236): Verilog HDL Implicit Net warning at can_decoder.v(165): created implicit net for "go_state_rtr_srr_temp" File: D:/Repositorio_de_Projetos/6-DOUTORADO/Automotive Networking/CAN Controller - Projeto Automotive Networking/can-controller/Projeto exemplo/Projeto/can_decoder.v Line: 165
Warning (10236): Verilog HDL Implicit Net warning at can_decoder.v(166): created implicit net for "go_state_ide" File: D:/Repositorio_de_Projetos/6-DOUTORADO/Automotive Networking/CAN Controller - Projeto Automotive Networking/can-controller/Projeto exemplo/Projeto/can_decoder.v Line: 166
Warning (10236): Verilog HDL Implicit Net warning at can_decoder.v(167): created implicit net for "go_state_id_b" File: D:/Repositorio_de_Projetos/6-DOUTORADO/Automotive Networking/CAN Controller - Projeto Automotive Networking/can-controller/Projeto exemplo/Projeto/can_decoder.v Line: 167
Warning (10236): Verilog HDL Implicit Net warning at can_decoder.v(168): created implicit net for "go_state_rtr" File: D:/Repositorio_de_Projetos/6-DOUTORADO/Automotive Networking/CAN Controller - Projeto Automotive Networking/can-controller/Projeto exemplo/Projeto/can_decoder.v Line: 168
Warning (10236): Verilog HDL Implicit Net warning at can_decoder.v(169): created implicit net for "go_state_reserved1" File: D:/Repositorio_de_Projetos/6-DOUTORADO/Automotive Networking/CAN Controller - Projeto Automotive Networking/can-controller/Projeto exemplo/Projeto/can_decoder.v Line: 169
Warning (10236): Verilog HDL Implicit Net warning at can_decoder.v(170): created implicit net for "go_state_reserved0" File: D:/Repositorio_de_Projetos/6-DOUTORADO/Automotive Networking/CAN Controller - Projeto Automotive Networking/can-controller/Projeto exemplo/Projeto/can_decoder.v Line: 170
Warning (10236): Verilog HDL Implicit Net warning at can_decoder.v(171): created implicit net for "go_state_dlc" File: D:/Repositorio_de_Projetos/6-DOUTORADO/Automotive Networking/CAN Controller - Projeto Automotive Networking/can-controller/Projeto exemplo/Projeto/can_decoder.v Line: 171
Warning (10236): Verilog HDL Implicit Net warning at can_decoder.v(172): created implicit net for "go_state_data" File: D:/Repositorio_de_Projetos/6-DOUTORADO/Automotive Networking/CAN Controller - Projeto Automotive Networking/can-controller/Projeto exemplo/Projeto/can_decoder.v Line: 172
Warning (10236): Verilog HDL Implicit Net warning at can_decoder.v(173): created implicit net for "go_state_crc" File: D:/Repositorio_de_Projetos/6-DOUTORADO/Automotive Networking/CAN Controller - Projeto Automotive Networking/can-controller/Projeto exemplo/Projeto/can_decoder.v Line: 173
Warning (10236): Verilog HDL Implicit Net warning at can_decoder.v(176): created implicit net for "go_state_crc_delimiter" File: D:/Repositorio_de_Projetos/6-DOUTORADO/Automotive Networking/CAN Controller - Projeto Automotive Networking/can-controller/Projeto exemplo/Projeto/can_decoder.v Line: 176
Warning (10236): Verilog HDL Implicit Net warning at can_decoder.v(177): created implicit net for "go_state_ack_slot" File: D:/Repositorio_de_Projetos/6-DOUTORADO/Automotive Networking/CAN Controller - Projeto Automotive Networking/can-controller/Projeto exemplo/Projeto/can_decoder.v Line: 177
Warning (10236): Verilog HDL Implicit Net warning at can_decoder.v(178): created implicit net for "go_state_ack_delimiter" File: D:/Repositorio_de_Projetos/6-DOUTORADO/Automotive Networking/CAN Controller - Projeto Automotive Networking/can-controller/Projeto exemplo/Projeto/can_decoder.v Line: 178
Warning (10236): Verilog HDL Implicit Net warning at can_decoder.v(179): created implicit net for "go_state_eof" File: D:/Repositorio_de_Projetos/6-DOUTORADO/Automotive Networking/CAN Controller - Projeto Automotive Networking/can-controller/Projeto exemplo/Projeto/can_decoder.v Line: 179
Warning (10236): Verilog HDL Implicit Net warning at can_decoder.v(180): created implicit net for "go_state_interframe" File: D:/Repositorio_de_Projetos/6-DOUTORADO/Automotive Networking/CAN Controller - Projeto Automotive Networking/can-controller/Projeto exemplo/Projeto/can_decoder.v Line: 180
Warning (10236): Verilog HDL Implicit Net warning at can_decoder.v(181): created implicit net for "go_state_overload" File: D:/Repositorio_de_Projetos/6-DOUTORADO/Automotive Networking/CAN Controller - Projeto Automotive Networking/can-controller/Projeto exemplo/Projeto/can_decoder.v Line: 181
Warning (10236): Verilog HDL Implicit Net warning at can_decoder.v(183): created implicit net for "bit_error_srr" File: D:/Repositorio_de_Projetos/6-DOUTORADO/Automotive Networking/CAN Controller - Projeto Automotive Networking/can-controller/Projeto exemplo/Projeto/can_decoder.v Line: 183
Warning (10236): Verilog HDL Implicit Net warning at can_decoder.v(184): created implicit net for "bit_error_crc_delimiter" File: D:/Repositorio_de_Projetos/6-DOUTORADO/Automotive Networking/CAN Controller - Projeto Automotive Networking/can-controller/Projeto exemplo/Projeto/can_decoder.v Line: 184
Warning (10236): Verilog HDL Implicit Net warning at can_decoder.v(185): created implicit net for "bit_error_ack_slot" File: D:/Repositorio_de_Projetos/6-DOUTORADO/Automotive Networking/CAN Controller - Projeto Automotive Networking/can-controller/Projeto exemplo/Projeto/can_decoder.v Line: 185
Warning (10236): Verilog HDL Implicit Net warning at can_decoder.v(186): created implicit net for "bit_error_ack_delimiter" File: D:/Repositorio_de_Projetos/6-DOUTORADO/Automotive Networking/CAN Controller - Projeto Automotive Networking/can-controller/Projeto exemplo/Projeto/can_decoder.v Line: 186
Warning (10236): Verilog HDL Implicit Net warning at can_decoder.v(187): created implicit net for "bit_error_eof" File: D:/Repositorio_de_Projetos/6-DOUTORADO/Automotive Networking/CAN Controller - Projeto Automotive Networking/can-controller/Projeto exemplo/Projeto/can_decoder.v Line: 187
Warning (10236): Verilog HDL Implicit Net warning at can_decoder.v(188): created implicit net for "bit_error_interframe" File: D:/Repositorio_de_Projetos/6-DOUTORADO/Automotive Networking/CAN Controller - Projeto Automotive Networking/can-controller/Projeto exemplo/Projeto/can_decoder.v Line: 188
Warning (10236): Verilog HDL Implicit Net warning at can_decoder.v(189): created implicit net for "bit_crc_error" File: D:/Repositorio_de_Projetos/6-DOUTORADO/Automotive Networking/CAN Controller - Projeto Automotive Networking/can-controller/Projeto exemplo/Projeto/can_decoder.v Line: 189
Warning (10236): Verilog HDL Implicit Net warning at can_decoder.v(190): created implicit net for "bit_error_bit_stuffing" File: D:/Repositorio_de_Projetos/6-DOUTORADO/Automotive Networking/CAN Controller - Projeto Automotive Networking/can-controller/Projeto exemplo/Projeto/can_decoder.v Line: 190
Warning (10236): Verilog HDL Implicit Net warning at can_decoder.v(192): created implicit net for "go_state_error" File: D:/Repositorio_de_Projetos/6-DOUTORADO/Automotive Networking/CAN Controller - Projeto Automotive Networking/can-controller/Projeto exemplo/Projeto/can_decoder.v Line: 192
Warning (10236): Verilog HDL Implicit Net warning at can_decoder.v(194): created implicit net for "enable_bitstuffing" File: D:/Repositorio_de_Projetos/6-DOUTORADO/Automotive Networking/CAN Controller - Projeto Automotive Networking/can-controller/Projeto exemplo/Projeto/can_decoder.v Line: 194
Info (12127): Elaborating entity "can_decoder" for the top level hierarchy
Warning (10036): Verilog HDL or VHDL warning at can_decoder.v(181): object "go_state_overload" assigned a value but never read File: D:/Repositorio_de_Projetos/6-DOUTORADO/Automotive Networking/CAN Controller - Projeto Automotive Networking/can-controller/Projeto exemplo/Projeto/can_decoder.v Line: 181
Warning (10858): Verilog HDL warning at can_decoder.v(93): object state_rtr_srr_temp used but never assigned File: D:/Repositorio_de_Projetos/6-DOUTORADO/Automotive Networking/CAN Controller - Projeto Automotive Networking/can-controller/Projeto exemplo/Projeto/can_decoder.v Line: 93
Warning (10230): Verilog HDL assignment warning at can_decoder.v(397): truncated value with size 32 to match size of target (4) File: D:/Repositorio_de_Projetos/6-DOUTORADO/Automotive Networking/CAN Controller - Projeto Automotive Networking/can-controller/Projeto exemplo/Projeto/can_decoder.v Line: 397
Critical Warning (10237): Verilog HDL warning at can_decoder.v(397): can't infer register for assignment in edge-triggered always construct because the clock isn't obvious. Generated combinational logic instead File: D:/Repositorio_de_Projetos/6-DOUTORADO/Automotive Networking/CAN Controller - Projeto Automotive Networking/can-controller/Projeto exemplo/Projeto/can_decoder.v Line: 397
Critical Warning (10237): Verilog HDL warning at can_decoder.v(428): can't infer register for assignment in edge-triggered always construct because the clock isn't obvious. Generated combinational logic instead File: D:/Repositorio_de_Projetos/6-DOUTORADO/Automotive Networking/CAN Controller - Projeto Automotive Networking/can-controller/Projeto exemplo/Projeto/can_decoder.v Line: 428
Warning (10230): Verilog HDL assignment warning at can_decoder.v(429): truncated value with size 32 to match size of target (5) File: D:/Repositorio_de_Projetos/6-DOUTORADO/Automotive Networking/CAN Controller - Projeto Automotive Networking/can-controller/Projeto exemplo/Projeto/can_decoder.v Line: 429
Critical Warning (10237): Verilog HDL warning at can_decoder.v(429): can't infer register for assignment in edge-triggered always construct because the clock isn't obvious. Generated combinational logic instead File: D:/Repositorio_de_Projetos/6-DOUTORADO/Automotive Networking/CAN Controller - Projeto Automotive Networking/can-controller/Projeto exemplo/Projeto/can_decoder.v Line: 429
Warning (10230): Verilog HDL assignment warning at can_decoder.v(468): truncated value with size 32 to match size of target (3) File: D:/Repositorio_de_Projetos/6-DOUTORADO/Automotive Networking/CAN Controller - Projeto Automotive Networking/can-controller/Projeto exemplo/Projeto/can_decoder.v Line: 468
Critical Warning (10237): Verilog HDL warning at can_decoder.v(468): can't infer register for assignment in edge-triggered always construct because the clock isn't obvious. Generated combinational logic instead File: D:/Repositorio_de_Projetos/6-DOUTORADO/Automotive Networking/CAN Controller - Projeto Automotive Networking/can-controller/Projeto exemplo/Projeto/can_decoder.v Line: 468
Warning (10030): Net "bit_de_stuff" at can_decoder.v(114) has no driver or initial value, using a default initial value '0' File: D:/Repositorio_de_Projetos/6-DOUTORADO/Automotive Networking/CAN Controller - Projeto Automotive Networking/can-controller/Projeto exemplo/Projeto/can_decoder.v Line: 114
Warning (10030): Net "state_rtr_srr_temp" at can_decoder.v(93) has no driver or initial value, using a default initial value '0' File: D:/Repositorio_de_Projetos/6-DOUTORADO/Automotive Networking/CAN Controller - Projeto Automotive Networking/can-controller/Projeto exemplo/Projeto/can_decoder.v Line: 93
Warning (10034): Output port "error_out" at can_decoder.v(41) has no driver File: D:/Repositorio_de_Projetos/6-DOUTORADO/Automotive Networking/CAN Controller - Projeto Automotive Networking/can-controller/Projeto exemplo/Projeto/can_decoder.v Line: 41
Info (12128): Elaborating entity "can_crc" for hierarchy "can_crc:i_can_crc" File: D:/Repositorio_de_Projetos/6-DOUTORADO/Automotive Networking/CAN Controller - Projeto Automotive Networking/can-controller/Projeto exemplo/Projeto/can_decoder.v Line: 117
Warning (13024): Output pins are stuck at VCC or GND
    Warning (13410): Pin "error_out" is stuck at GND File: D:/Repositorio_de_Projetos/6-DOUTORADO/Automotive Networking/CAN Controller - Projeto Automotive Networking/can-controller/Projeto exemplo/Projeto/can_decoder.v Line: 41
    Warning (13410): Pin "field_start_of_frame" is stuck at GND File: D:/Repositorio_de_Projetos/6-DOUTORADO/Automotive Networking/CAN Controller - Projeto Automotive Networking/can-controller/Projeto exemplo/Projeto/can_decoder.v Line: 71
    Warning (13410): Pin "field_id_a[0]" is stuck at GND File: D:/Repositorio_de_Projetos/6-DOUTORADO/Automotive Networking/CAN Controller - Projeto Automotive Networking/can-controller/Projeto exemplo/Projeto/can_decoder.v Line: 395
    Warning (13410): Pin "field_id_a[1]" is stuck at GND File: D:/Repositorio_de_Projetos/6-DOUTORADO/Automotive Networking/CAN Controller - Projeto Automotive Networking/can-controller/Projeto exemplo/Projeto/can_decoder.v Line: 395
    Warning (13410): Pin "field_id_a[2]" is stuck at GND File: D:/Repositorio_de_Projetos/6-DOUTORADO/Automotive Networking/CAN Controller - Projeto Automotive Networking/can-controller/Projeto exemplo/Projeto/can_decoder.v Line: 395
    Warning (13410): Pin "field_id_a[3]" is stuck at GND File: D:/Repositorio_de_Projetos/6-DOUTORADO/Automotive Networking/CAN Controller - Projeto Automotive Networking/can-controller/Projeto exemplo/Projeto/can_decoder.v Line: 395
    Warning (13410): Pin "field_id_a[4]" is stuck at GND File: D:/Repositorio_de_Projetos/6-DOUTORADO/Automotive Networking/CAN Controller - Projeto Automotive Networking/can-controller/Projeto exemplo/Projeto/can_decoder.v Line: 395
    Warning (13410): Pin "field_id_a[5]" is stuck at GND File: D:/Repositorio_de_Projetos/6-DOUTORADO/Automotive Networking/CAN Controller - Projeto Automotive Networking/can-controller/Projeto exemplo/Projeto/can_decoder.v Line: 395
    Warning (13410): Pin "field_id_a[6]" is stuck at GND File: D:/Repositorio_de_Projetos/6-DOUTORADO/Automotive Networking/CAN Controller - Projeto Automotive Networking/can-controller/Projeto exemplo/Projeto/can_decoder.v Line: 395
    Warning (13410): Pin "field_id_a[7]" is stuck at GND File: D:/Repositorio_de_Projetos/6-DOUTORADO/Automotive Networking/CAN Controller - Projeto Automotive Networking/can-controller/Projeto exemplo/Projeto/can_decoder.v Line: 395
    Warning (13410): Pin "field_id_a[8]" is stuck at GND File: D:/Repositorio_de_Projetos/6-DOUTORADO/Automotive Networking/CAN Controller - Projeto Automotive Networking/can-controller/Projeto exemplo/Projeto/can_decoder.v Line: 395
    Warning (13410): Pin "field_id_a[9]" is stuck at GND File: D:/Repositorio_de_Projetos/6-DOUTORADO/Automotive Networking/CAN Controller - Projeto Automotive Networking/can-controller/Projeto exemplo/Projeto/can_decoder.v Line: 395
    Warning (13410): Pin "field_id_a[10]" is stuck at GND File: D:/Repositorio_de_Projetos/6-DOUTORADO/Automotive Networking/CAN Controller - Projeto Automotive Networking/can-controller/Projeto exemplo/Projeto/can_decoder.v Line: 395
    Warning (13410): Pin "field_ide" is stuck at GND File: D:/Repositorio_de_Projetos/6-DOUTORADO/Automotive Networking/CAN Controller - Projeto Automotive Networking/can-controller/Projeto exemplo/Projeto/can_decoder.v Line: 74
    Warning (13410): Pin "field_rtr" is stuck at GND File: D:/Repositorio_de_Projetos/6-DOUTORADO/Automotive Networking/CAN Controller - Projeto Automotive Networking/can-controller/Projeto exemplo/Projeto/can_decoder.v Line: 75
    Warning (13410): Pin "field_srr" is stuck at GND File: D:/Repositorio_de_Projetos/6-DOUTORADO/Automotive Networking/CAN Controller - Projeto Automotive Networking/can-controller/Projeto exemplo/Projeto/can_decoder.v Line: 73
    Warning (13410): Pin "field_reserved1" is stuck at GND File: D:/Repositorio_de_Projetos/6-DOUTORADO/Automotive Networking/CAN Controller - Projeto Automotive Networking/can-controller/Projeto exemplo/Projeto/can_decoder.v Line: 76
    Warning (13410): Pin "field_reserved0" is stuck at GND File: D:/Repositorio_de_Projetos/6-DOUTORADO/Automotive Networking/CAN Controller - Projeto Automotive Networking/can-controller/Projeto exemplo/Projeto/can_decoder.v Line: 77
    Warning (13410): Pin "field_dlc[0]" is stuck at GND File: D:/Repositorio_de_Projetos/6-DOUTORADO/Automotive Networking/CAN Controller - Projeto Automotive Networking/can-controller/Projeto exemplo/Projeto/can_decoder.v Line: 466
    Warning (13410): Pin "field_dlc[1]" is stuck at GND File: D:/Repositorio_de_Projetos/6-DOUTORADO/Automotive Networking/CAN Controller - Projeto Automotive Networking/can-controller/Projeto exemplo/Projeto/can_decoder.v Line: 466
    Warning (13410): Pin "field_dlc[2]" is stuck at GND File: D:/Repositorio_de_Projetos/6-DOUTORADO/Automotive Networking/CAN Controller - Projeto Automotive Networking/can-controller/Projeto exemplo/Projeto/can_decoder.v Line: 466
    Warning (13410): Pin "field_dlc[3]" is stuck at GND File: D:/Repositorio_de_Projetos/6-DOUTORADO/Automotive Networking/CAN Controller - Projeto Automotive Networking/can-controller/Projeto exemplo/Projeto/can_decoder.v Line: 466
    Warning (13410): Pin "field_data[0]" is stuck at GND File: D:/Repositorio_de_Projetos/6-DOUTORADO/Automotive Networking/CAN Controller - Projeto Automotive Networking/can-controller/Projeto exemplo/Projeto/can_decoder.v Line: 477
    Warning (13410): Pin "field_data[1]" is stuck at GND File: D:/Repositorio_de_Projetos/6-DOUTORADO/Automotive Networking/CAN Controller - Projeto Automotive Networking/can-controller/Projeto exemplo/Projeto/can_decoder.v Line: 477
    Warning (13410): Pin "field_data[2]" is stuck at GND File: D:/Repositorio_de_Projetos/6-DOUTORADO/Automotive Networking/CAN Controller - Projeto Automotive Networking/can-controller/Projeto exemplo/Projeto/can_decoder.v Line: 477
    Warning (13410): Pin "field_data[3]" is stuck at GND File: D:/Repositorio_de_Projetos/6-DOUTORADO/Automotive Networking/CAN Controller - Projeto Automotive Networking/can-controller/Projeto exemplo/Projeto/can_decoder.v Line: 477
    Warning (13410): Pin "field_data[4]" is stuck at GND File: D:/Repositorio_de_Projetos/6-DOUTORADO/Automotive Networking/CAN Controller - Projeto Automotive Networking/can-controller/Projeto exemplo/Projeto/can_decoder.v Line: 477
    Warning (13410): Pin "field_data[5]" is stuck at GND File: D:/Repositorio_de_Projetos/6-DOUTORADO/Automotive Networking/CAN Controller - Projeto Automotive Networking/can-controller/Projeto exemplo/Projeto/can_decoder.v Line: 477
    Warning (13410): Pin "field_data[6]" is stuck at GND File: D:/Repositorio_de_Projetos/6-DOUTORADO/Automotive Networking/CAN Controller - Projeto Automotive Networking/can-controller/Projeto exemplo/Projeto/can_decoder.v Line: 477
    Warning (13410): Pin "field_data[7]" is stuck at GND File: D:/Repositorio_de_Projetos/6-DOUTORADO/Automotive Networking/CAN Controller - Projeto Automotive Networking/can-controller/Projeto exemplo/Projeto/can_decoder.v Line: 477
    Warning (13410): Pin "field_data[8]" is stuck at GND File: D:/Repositorio_de_Projetos/6-DOUTORADO/Automotive Networking/CAN Controller - Projeto Automotive Networking/can-controller/Projeto exemplo/Projeto/can_decoder.v Line: 477
    Warning (13410): Pin "field_data[9]" is stuck at GND File: D:/Repositorio_de_Projetos/6-DOUTORADO/Automotive Networking/CAN Controller - Projeto Automotive Networking/can-controller/Projeto exemplo/Projeto/can_decoder.v Line: 477
    Warning (13410): Pin "field_data[10]" is stuck at GND File: D:/Repositorio_de_Projetos/6-DOUTORADO/Automotive Networking/CAN Controller - Projeto Automotive Networking/can-controller/Projeto exemplo/Projeto/can_decoder.v Line: 477
    Warning (13410): Pin "field_data[11]" is stuck at GND File: D:/Repositorio_de_Projetos/6-DOUTORADO/Automotive Networking/CAN Controller - Projeto Automotive Networking/can-controller/Projeto exemplo/Projeto/can_decoder.v Line: 477
    Warning (13410): Pin "field_data[12]" is stuck at GND File: D:/Repositorio_de_Projetos/6-DOUTORADO/Automotive Networking/CAN Controller - Projeto Automotive Networking/can-controller/Projeto exemplo/Projeto/can_decoder.v Line: 477
    Warning (13410): Pin "field_data[13]" is stuck at GND File: D:/Repositorio_de_Projetos/6-DOUTORADO/Automotive Networking/CAN Controller - Projeto Automotive Networking/can-controller/Projeto exemplo/Projeto/can_decoder.v Line: 477
    Warning (13410): Pin "field_data[14]" is stuck at GND File: D:/Repositorio_de_Projetos/6-DOUTORADO/Automotive Networking/CAN Controller - Projeto Automotive Networking/can-controller/Projeto exemplo/Projeto/can_decoder.v Line: 477
    Warning (13410): Pin "field_data[15]" is stuck at GND File: D:/Repositorio_de_Projetos/6-DOUTORADO/Automotive Networking/CAN Controller - Projeto Automotive Networking/can-controller/Projeto exemplo/Projeto/can_decoder.v Line: 477
    Warning (13410): Pin "field_data[16]" is stuck at GND File: D:/Repositorio_de_Projetos/6-DOUTORADO/Automotive Networking/CAN Controller - Projeto Automotive Networking/can-controller/Projeto exemplo/Projeto/can_decoder.v Line: 477
    Warning (13410): Pin "field_data[17]" is stuck at GND File: D:/Repositorio_de_Projetos/6-DOUTORADO/Automotive Networking/CAN Controller - Projeto Automotive Networking/can-controller/Projeto exemplo/Projeto/can_decoder.v Line: 477
    Warning (13410): Pin "field_data[18]" is stuck at GND File: D:/Repositorio_de_Projetos/6-DOUTORADO/Automotive Networking/CAN Controller - Projeto Automotive Networking/can-controller/Projeto exemplo/Projeto/can_decoder.v Line: 477
    Warning (13410): Pin "field_data[19]" is stuck at GND File: D:/Repositorio_de_Projetos/6-DOUTORADO/Automotive Networking/CAN Controller - Projeto Automotive Networking/can-controller/Projeto exemplo/Projeto/can_decoder.v Line: 477
    Warning (13410): Pin "field_data[20]" is stuck at GND File: D:/Repositorio_de_Projetos/6-DOUTORADO/Automotive Networking/CAN Controller - Projeto Automotive Networking/can-controller/Projeto exemplo/Projeto/can_decoder.v Line: 477
    Warning (13410): Pin "field_data[21]" is stuck at GND File: D:/Repositorio_de_Projetos/6-DOUTORADO/Automotive Networking/CAN Controller - Projeto Automotive Networking/can-controller/Projeto exemplo/Projeto/can_decoder.v Line: 477
    Warning (13410): Pin "field_data[22]" is stuck at GND File: D:/Repositorio_de_Projetos/6-DOUTORADO/Automotive Networking/CAN Controller - Projeto Automotive Networking/can-controller/Projeto exemplo/Projeto/can_decoder.v Line: 477
    Warning (13410): Pin "field_data[23]" is stuck at GND File: D:/Repositorio_de_Projetos/6-DOUTORADO/Automotive Networking/CAN Controller - Projeto Automotive Networking/can-controller/Projeto exemplo/Projeto/can_decoder.v Line: 477
    Warning (13410): Pin "field_data[24]" is stuck at GND File: D:/Repositorio_de_Projetos/6-DOUTORADO/Automotive Networking/CAN Controller - Projeto Automotive Networking/can-controller/Projeto exemplo/Projeto/can_decoder.v Line: 477
    Warning (13410): Pin "field_data[25]" is stuck at GND File: D:/Repositorio_de_Projetos/6-DOUTORADO/Automotive Networking/CAN Controller - Projeto Automotive Networking/can-controller/Projeto exemplo/Projeto/can_decoder.v Line: 477
    Warning (13410): Pin "field_data[26]" is stuck at GND File: D:/Repositorio_de_Projetos/6-DOUTORADO/Automotive Networking/CAN Controller - Projeto Automotive Networking/can-controller/Projeto exemplo/Projeto/can_decoder.v Line: 477
    Warning (13410): Pin "field_data[27]" is stuck at GND File: D:/Repositorio_de_Projetos/6-DOUTORADO/Automotive Networking/CAN Controller - Projeto Automotive Networking/can-controller/Projeto exemplo/Projeto/can_decoder.v Line: 477
    Warning (13410): Pin "field_data[28]" is stuck at GND File: D:/Repositorio_de_Projetos/6-DOUTORADO/Automotive Networking/CAN Controller - Projeto Automotive Networking/can-controller/Projeto exemplo/Projeto/can_decoder.v Line: 477
    Warning (13410): Pin "field_data[29]" is stuck at GND File: D:/Repositorio_de_Projetos/6-DOUTORADO/Automotive Networking/CAN Controller - Projeto Automotive Networking/can-controller/Projeto exemplo/Projeto/can_decoder.v Line: 477
    Warning (13410): Pin "field_data[30]" is stuck at GND File: D:/Repositorio_de_Projetos/6-DOUTORADO/Automotive Networking/CAN Controller - Projeto Automotive Networking/can-controller/Projeto exemplo/Projeto/can_decoder.v Line: 477
    Warning (13410): Pin "field_data[31]" is stuck at GND File: D:/Repositorio_de_Projetos/6-DOUTORADO/Automotive Networking/CAN Controller - Projeto Automotive Networking/can-controller/Projeto exemplo/Projeto/can_decoder.v Line: 477
    Warning (13410): Pin "field_data[32]" is stuck at GND File: D:/Repositorio_de_Projetos/6-DOUTORADO/Automotive Networking/CAN Controller - Projeto Automotive Networking/can-controller/Projeto exemplo/Projeto/can_decoder.v Line: 477
    Warning (13410): Pin "field_data[33]" is stuck at GND File: D:/Repositorio_de_Projetos/6-DOUTORADO/Automotive Networking/CAN Controller - Projeto Automotive Networking/can-controller/Projeto exemplo/Projeto/can_decoder.v Line: 477
    Warning (13410): Pin "field_data[34]" is stuck at GND File: D:/Repositorio_de_Projetos/6-DOUTORADO/Automotive Networking/CAN Controller - Projeto Automotive Networking/can-controller/Projeto exemplo/Projeto/can_decoder.v Line: 477
    Warning (13410): Pin "field_data[35]" is stuck at GND File: D:/Repositorio_de_Projetos/6-DOUTORADO/Automotive Networking/CAN Controller - Projeto Automotive Networking/can-controller/Projeto exemplo/Projeto/can_decoder.v Line: 477
    Warning (13410): Pin "field_data[36]" is stuck at GND File: D:/Repositorio_de_Projetos/6-DOUTORADO/Automotive Networking/CAN Controller - Projeto Automotive Networking/can-controller/Projeto exemplo/Projeto/can_decoder.v Line: 477
    Warning (13410): Pin "field_data[37]" is stuck at GND File: D:/Repositorio_de_Projetos/6-DOUTORADO/Automotive Networking/CAN Controller - Projeto Automotive Networking/can-controller/Projeto exemplo/Projeto/can_decoder.v Line: 477
    Warning (13410): Pin "field_data[38]" is stuck at GND File: D:/Repositorio_de_Projetos/6-DOUTORADO/Automotive Networking/CAN Controller - Projeto Automotive Networking/can-controller/Projeto exemplo/Projeto/can_decoder.v Line: 477
    Warning (13410): Pin "field_data[39]" is stuck at GND File: D:/Repositorio_de_Projetos/6-DOUTORADO/Automotive Networking/CAN Controller - Projeto Automotive Networking/can-controller/Projeto exemplo/Projeto/can_decoder.v Line: 477
    Warning (13410): Pin "field_data[40]" is stuck at GND File: D:/Repositorio_de_Projetos/6-DOUTORADO/Automotive Networking/CAN Controller - Projeto Automotive Networking/can-controller/Projeto exemplo/Projeto/can_decoder.v Line: 477
    Warning (13410): Pin "field_data[41]" is stuck at GND File: D:/Repositorio_de_Projetos/6-DOUTORADO/Automotive Networking/CAN Controller - Projeto Automotive Networking/can-controller/Projeto exemplo/Projeto/can_decoder.v Line: 477
    Warning (13410): Pin "field_data[42]" is stuck at GND File: D:/Repositorio_de_Projetos/6-DOUTORADO/Automotive Networking/CAN Controller - Projeto Automotive Networking/can-controller/Projeto exemplo/Projeto/can_decoder.v Line: 477
    Warning (13410): Pin "field_data[43]" is stuck at GND File: D:/Repositorio_de_Projetos/6-DOUTORADO/Automotive Networking/CAN Controller - Projeto Automotive Networking/can-controller/Projeto exemplo/Projeto/can_decoder.v Line: 477
    Warning (13410): Pin "field_data[44]" is stuck at GND File: D:/Repositorio_de_Projetos/6-DOUTORADO/Automotive Networking/CAN Controller - Projeto Automotive Networking/can-controller/Projeto exemplo/Projeto/can_decoder.v Line: 477
    Warning (13410): Pin "field_data[45]" is stuck at GND File: D:/Repositorio_de_Projetos/6-DOUTORADO/Automotive Networking/CAN Controller - Projeto Automotive Networking/can-controller/Projeto exemplo/Projeto/can_decoder.v Line: 477
    Warning (13410): Pin "field_data[46]" is stuck at GND File: D:/Repositorio_de_Projetos/6-DOUTORADO/Automotive Networking/CAN Controller - Projeto Automotive Networking/can-controller/Projeto exemplo/Projeto/can_decoder.v Line: 477
    Warning (13410): Pin "field_data[47]" is stuck at GND File: D:/Repositorio_de_Projetos/6-DOUTORADO/Automotive Networking/CAN Controller - Projeto Automotive Networking/can-controller/Projeto exemplo/Projeto/can_decoder.v Line: 477
    Warning (13410): Pin "field_data[48]" is stuck at GND File: D:/Repositorio_de_Projetos/6-DOUTORADO/Automotive Networking/CAN Controller - Projeto Automotive Networking/can-controller/Projeto exemplo/Projeto/can_decoder.v Line: 477
    Warning (13410): Pin "field_data[49]" is stuck at GND File: D:/Repositorio_de_Projetos/6-DOUTORADO/Automotive Networking/CAN Controller - Projeto Automotive Networking/can-controller/Projeto exemplo/Projeto/can_decoder.v Line: 477
    Warning (13410): Pin "field_data[50]" is stuck at GND File: D:/Repositorio_de_Projetos/6-DOUTORADO/Automotive Networking/CAN Controller - Projeto Automotive Networking/can-controller/Projeto exemplo/Projeto/can_decoder.v Line: 477
    Warning (13410): Pin "field_data[51]" is stuck at GND File: D:/Repositorio_de_Projetos/6-DOUTORADO/Automotive Networking/CAN Controller - Projeto Automotive Networking/can-controller/Projeto exemplo/Projeto/can_decoder.v Line: 477
    Warning (13410): Pin "field_data[52]" is stuck at GND File: D:/Repositorio_de_Projetos/6-DOUTORADO/Automotive Networking/CAN Controller - Projeto Automotive Networking/can-controller/Projeto exemplo/Projeto/can_decoder.v Line: 477
    Warning (13410): Pin "field_data[53]" is stuck at GND File: D:/Repositorio_de_Projetos/6-DOUTORADO/Automotive Networking/CAN Controller - Projeto Automotive Networking/can-controller/Projeto exemplo/Projeto/can_decoder.v Line: 477
    Warning (13410): Pin "field_data[54]" is stuck at GND File: D:/Repositorio_de_Projetos/6-DOUTORADO/Automotive Networking/CAN Controller - Projeto Automotive Networking/can-controller/Projeto exemplo/Projeto/can_decoder.v Line: 477
    Warning (13410): Pin "field_data[55]" is stuck at GND File: D:/Repositorio_de_Projetos/6-DOUTORADO/Automotive Networking/CAN Controller - Projeto Automotive Networking/can-controller/Projeto exemplo/Projeto/can_decoder.v Line: 477
    Warning (13410): Pin "field_data[56]" is stuck at GND File: D:/Repositorio_de_Projetos/6-DOUTORADO/Automotive Networking/CAN Controller - Projeto Automotive Networking/can-controller/Projeto exemplo/Projeto/can_decoder.v Line: 477
    Warning (13410): Pin "field_data[57]" is stuck at GND File: D:/Repositorio_de_Projetos/6-DOUTORADO/Automotive Networking/CAN Controller - Projeto Automotive Networking/can-controller/Projeto exemplo/Projeto/can_decoder.v Line: 477
    Warning (13410): Pin "field_data[58]" is stuck at GND File: D:/Repositorio_de_Projetos/6-DOUTORADO/Automotive Networking/CAN Controller - Projeto Automotive Networking/can-controller/Projeto exemplo/Projeto/can_decoder.v Line: 477
    Warning (13410): Pin "field_data[59]" is stuck at GND File: D:/Repositorio_de_Projetos/6-DOUTORADO/Automotive Networking/CAN Controller - Projeto Automotive Networking/can-controller/Projeto exemplo/Projeto/can_decoder.v Line: 477
    Warning (13410): Pin "field_data[60]" is stuck at GND File: D:/Repositorio_de_Projetos/6-DOUTORADO/Automotive Networking/CAN Controller - Projeto Automotive Networking/can-controller/Projeto exemplo/Projeto/can_decoder.v Line: 477
    Warning (13410): Pin "field_data[61]" is stuck at GND File: D:/Repositorio_de_Projetos/6-DOUTORADO/Automotive Networking/CAN Controller - Projeto Automotive Networking/can-controller/Projeto exemplo/Projeto/can_decoder.v Line: 477
    Warning (13410): Pin "field_data[62]" is stuck at GND File: D:/Repositorio_de_Projetos/6-DOUTORADO/Automotive Networking/CAN Controller - Projeto Automotive Networking/can-controller/Projeto exemplo/Projeto/can_decoder.v Line: 477
    Warning (13410): Pin "field_data[63]" is stuck at GND File: D:/Repositorio_de_Projetos/6-DOUTORADO/Automotive Networking/CAN Controller - Projeto Automotive Networking/can-controller/Projeto exemplo/Projeto/can_decoder.v Line: 477
    Warning (13410): Pin "field_crc[0]" is stuck at GND File: D:/Repositorio_de_Projetos/6-DOUTORADO/Automotive Networking/CAN Controller - Projeto Automotive Networking/can-controller/Projeto exemplo/Projeto/can_decoder.v Line: 486
    Warning (13410): Pin "field_crc[1]" is stuck at GND File: D:/Repositorio_de_Projetos/6-DOUTORADO/Automotive Networking/CAN Controller - Projeto Automotive Networking/can-controller/Projeto exemplo/Projeto/can_decoder.v Line: 486
    Warning (13410): Pin "field_crc[2]" is stuck at GND File: D:/Repositorio_de_Projetos/6-DOUTORADO/Automotive Networking/CAN Controller - Projeto Automotive Networking/can-controller/Projeto exemplo/Projeto/can_decoder.v Line: 486
    Warning (13410): Pin "field_crc[3]" is stuck at GND File: D:/Repositorio_de_Projetos/6-DOUTORADO/Automotive Networking/CAN Controller - Projeto Automotive Networking/can-controller/Projeto exemplo/Projeto/can_decoder.v Line: 486
    Warning (13410): Pin "field_crc[4]" is stuck at GND File: D:/Repositorio_de_Projetos/6-DOUTORADO/Automotive Networking/CAN Controller - Projeto Automotive Networking/can-controller/Projeto exemplo/Projeto/can_decoder.v Line: 486
    Warning (13410): Pin "field_crc[5]" is stuck at GND File: D:/Repositorio_de_Projetos/6-DOUTORADO/Automotive Networking/CAN Controller - Projeto Automotive Networking/can-controller/Projeto exemplo/Projeto/can_decoder.v Line: 486
    Warning (13410): Pin "field_crc[6]" is stuck at GND File: D:/Repositorio_de_Projetos/6-DOUTORADO/Automotive Networking/CAN Controller - Projeto Automotive Networking/can-controller/Projeto exemplo/Projeto/can_decoder.v Line: 486
    Warning (13410): Pin "field_crc[7]" is stuck at GND File: D:/Repositorio_de_Projetos/6-DOUTORADO/Automotive Networking/CAN Controller - Projeto Automotive Networking/can-controller/Projeto exemplo/Projeto/can_decoder.v Line: 486
    Warning (13410): Pin "field_crc[8]" is stuck at GND File: D:/Repositorio_de_Projetos/6-DOUTORADO/Automotive Networking/CAN Controller - Projeto Automotive Networking/can-controller/Projeto exemplo/Projeto/can_decoder.v Line: 486
    Warning (13410): Pin "field_crc[9]" is stuck at GND File: D:/Repositorio_de_Projetos/6-DOUTORADO/Automotive Networking/CAN Controller - Projeto Automotive Networking/can-controller/Projeto exemplo/Projeto/can_decoder.v Line: 486
    Warning (13410): Pin "field_crc[10]" is stuck at GND File: D:/Repositorio_de_Projetos/6-DOUTORADO/Automotive Networking/CAN Controller - Projeto Automotive Networking/can-controller/Projeto exemplo/Projeto/can_decoder.v Line: 486
    Warning (13410): Pin "field_crc[11]" is stuck at GND File: D:/Repositorio_de_Projetos/6-DOUTORADO/Automotive Networking/CAN Controller - Projeto Automotive Networking/can-controller/Projeto exemplo/Projeto/can_decoder.v Line: 486
    Warning (13410): Pin "field_crc[12]" is stuck at GND File: D:/Repositorio_de_Projetos/6-DOUTORADO/Automotive Networking/CAN Controller - Projeto Automotive Networking/can-controller/Projeto exemplo/Projeto/can_decoder.v Line: 486
    Warning (13410): Pin "field_crc[13]" is stuck at GND File: D:/Repositorio_de_Projetos/6-DOUTORADO/Automotive Networking/CAN Controller - Projeto Automotive Networking/can-controller/Projeto exemplo/Projeto/can_decoder.v Line: 486
    Warning (13410): Pin "field_crc[14]" is stuck at GND File: D:/Repositorio_de_Projetos/6-DOUTORADO/Automotive Networking/CAN Controller - Projeto Automotive Networking/can-controller/Projeto exemplo/Projeto/can_decoder.v Line: 486
    Warning (13410): Pin "field_crc_delimiter" is stuck at GND File: D:/Repositorio_de_Projetos/6-DOUTORADO/Automotive Networking/CAN Controller - Projeto Automotive Networking/can-controller/Projeto exemplo/Projeto/can_decoder.v Line: 82
    Warning (13410): Pin "field_ack" is stuck at GND File: D:/Repositorio_de_Projetos/6-DOUTORADO/Automotive Networking/CAN Controller - Projeto Automotive Networking/can-controller/Projeto exemplo/Projeto/can_decoder.v Line: 83
Info (17049): 15 registers lost all their fanouts during netlist optimizations.
Info (16010): Generating hard_block partition "hard_block:auto_generated_inst"
    Info (16011): Adding 0 node(s), including 0 DDIO, 0 PLL, 0 transceiver and 0 LCELL
Warning (21074): Design contains 4 input pin(s) that do not drive logic
    Warning (15610): No output dependent on input pin "clock" File: D:/Repositorio_de_Projetos/6-DOUTORADO/Automotive Networking/CAN Controller - Projeto Automotive Networking/can-controller/Projeto exemplo/Projeto/can_decoder.v Line: 35
    Warning (15610): No output dependent on input pin "reset" File: D:/Repositorio_de_Projetos/6-DOUTORADO/Automotive Networking/CAN Controller - Projeto Automotive Networking/can-controller/Projeto exemplo/Projeto/can_decoder.v Line: 36
    Warning (15610): No output dependent on input pin "sample_point" File: D:/Repositorio_de_Projetos/6-DOUTORADO/Automotive Networking/CAN Controller - Projeto Automotive Networking/can-controller/Projeto exemplo/Projeto/can_decoder.v Line: 33
    Warning (15610): No output dependent on input pin "error_in" File: D:/Repositorio_de_Projetos/6-DOUTORADO/Automotive Networking/CAN Controller - Projeto Automotive Networking/can-controller/Projeto exemplo/Projeto/can_decoder.v Line: 38
Info (21057): Implemented 126 device resources after synthesis - the final resource count might be different
    Info (21058): Implemented 5 input pins
    Info (21059): Implemented 121 output pins
Info: Quartus Prime Analysis & Synthesis was successful. 0 errors, 152 warnings
    Info: Peak virtual memory: 671 megabytes
    Info: Processing ended: Sat Jun 03 08:42:30 2017
    Info: Elapsed time: 00:00:18
    Info: Total CPU time (on all processors): 00:00:38


